Archive member included to satisfy reference by file (symbol)

c:/program files/microchip/xc8/v2.30/avr/bin/../lib/gcc/avr/5.4.0/avr5/memx-const\libgcc.a(_divmodsi4.o)
                              build/default/debug/ssd.o (__divmodsi4)
c:/program files/microchip/xc8/v2.30/avr/bin/../lib/gcc/avr/5.4.0/avr5/memx-const\libgcc.a(_negsi2.o)
                              c:/program files/microchip/xc8/v2.30/avr/bin/../lib/gcc/avr/5.4.0/avr5/memx-const\libgcc.a(_divmodsi4.o) (__negsi2)
c:/program files/microchip/xc8/v2.30/avr/bin/../lib/gcc/avr/5.4.0/avr5/memx-const\libgcc.a(_exit.o)
                              C:/Program Files (x86)/Microchip/MPLABX/v5.40/packs/Microchip/ATmega_DFP/2.2.108/xc8/avr/lib/avr5/memx-const/crtatmega32.o (exit)
c:/program files/microchip/xc8/v2.30/avr/bin/../lib/gcc/avr/5.4.0/avr5/memx-const\libgcc.a(_tablejump2.o)
                              build/default/debug/timer_basic.o (__tablejump2__)
c:/program files/microchip/xc8/v2.30/avr/bin/../lib/gcc/avr/5.4.0/avr5/memx-const\libgcc.a(_copy_data.o)
                              build/default/debug/ssd.o (__do_copy_data)
c:/program files/microchip/xc8/v2.30/avr/bin/../lib/gcc/avr/5.4.0/avr5/memx-const\libgcc.a(_udivmodsi4.o)
                              c:/program files/microchip/xc8/v2.30/avr/bin/../lib/gcc/avr/5.4.0/avr5/memx-const\libgcc.a(_divmodsi4.o) (__udivmodsi4)

Discarded input sections

 .data          0x0000000000000000        0x0 C:/Program Files (x86)/Microchip/MPLABX/v5.40/packs/Microchip/ATmega_DFP/2.2.108/xc8/avr/lib/avr5/memx-const/crtatmega32.o
 .bss           0x0000000000000000        0x0 C:/Program Files (x86)/Microchip/MPLABX/v5.40/packs/Microchip/ATmega_DFP/2.2.108/xc8/avr/lib/avr5/memx-const/crtatmega32.o
 .text          0x0000000000000000        0x0 build/default/debug/main.o
 .data          0x0000000000000000        0x0 build/default/debug/main.o
 .bss           0x0000000000000000        0x0 build/default/debug/main.o
 .text          0x0000000000000000        0x0 build/default/debug/ssd.o
 .data          0x0000000000000000        0x0 build/default/debug/ssd.o
 .bss           0x0000000000000000        0x0 build/default/debug/ssd.o
 .text.SSD_Clear
                0x0000000000000000       0x16 build/default/debug/ssd.o
 .text.SSD_DotOff
                0x0000000000000000       0x22 build/default/debug/ssd.o
 .text.SSD_Dottoggle
                0x0000000000000000       0x20 build/default/debug/ssd.o
 .text          0x0000000000000000        0x0 build/default/debug/gpio.o
 .data          0x0000000000000000        0x0 build/default/debug/gpio.o
 .bss           0x0000000000000000        0x0 build/default/debug/gpio.o
 .text.GPIO_Reset_Port
                0x0000000000000000        0x6 build/default/debug/gpio.o
 .text.GPIO_Get_Pin
                0x0000000000000000        0xe build/default/debug/gpio.o
 .text.GPIO_Get_Port
                0x0000000000000000        0x6 build/default/debug/gpio.o
 .text          0x0000000000000000        0x0 build/default/debug/timer_basic.o
 .data          0x0000000000000000        0x0 build/default/debug/timer_basic.o
 .bss           0x0000000000000000        0x0 build/default/debug/timer_basic.o
 .text.Timer0_Set_OutputCompare_Value
                0x0000000000000000        0x4 build/default/debug/timer_basic.o
 .text.Timer0_Get_TimerCounter_Value
                0x0000000000000000        0x4 build/default/debug/timer_basic.o
 .text.Timer0_Get_Overflow_Flag
                0x0000000000000000       0x14 build/default/debug/timer_basic.o
 .text.Timer0_Get_OutputCompare_Flag
                0x0000000000000000       0x14 build/default/debug/timer_basic.o
 .text.Timer0_Enable_OutputCompare_Interrupt
                0x0000000000000000        0x8 build/default/debug/timer_basic.o
 .text.Timer0_Disable_OutputCompare_Interrupt
                0x0000000000000000        0x8 build/default/debug/timer_basic.o
 .text.Timer0_Disable_Overflow_Interrupt
                0x0000000000000000        0x8 build/default/debug/timer_basic.o
 .text.Timer0_OutputCompare_INT_Callback
                0x0000000000000000        0xa build/default/debug/timer_basic.o
 .text.Timer1_init
                0x0000000000000000       0xbe build/default/debug/timer_basic.o
 .progmem.gcc_sw_table.Timer1_init
                0x0000000000000000       0x20 build/default/debug/timer_basic.o
 .text.Timer1_Set_Preload_Value
                0x0000000000000000        0xe build/default/debug/timer_basic.o
 .text.Timer1_Set_OutputCompareA_Value
                0x0000000000000000        0xe build/default/debug/timer_basic.o
 .text.Timer1_Set_OutputCompareB_Value
                0x0000000000000000        0xe build/default/debug/timer_basic.o
 .text.Timer1_Set_InputCapture_Value
                0x0000000000000000        0xe build/default/debug/timer_basic.o
 .text.Timer1_Get_TimerCounter_Value
                0x0000000000000000        0xc build/default/debug/timer_basic.o
 .text.Timer1_Get_Overflow_Flag
                0x0000000000000000       0x14 build/default/debug/timer_basic.o
 .text.Timer1_Get_OutputCompareA_Flag
                0x0000000000000000       0x14 build/default/debug/timer_basic.o
 .text.Timer1_Get_OutputCompareB_Flag
                0x0000000000000000       0x14 build/default/debug/timer_basic.o
 .text.Timer1_Get_InputCapture_Flag
                0x0000000000000000       0x14 build/default/debug/timer_basic.o
 .text.Timer1_Enable_Overflow_Interrupt
                0x0000000000000000        0x8 build/default/debug/timer_basic.o
 .text.Timer1_Disable_Overflow_Interrupt
                0x0000000000000000        0x8 build/default/debug/timer_basic.o
 .text.Timer1_Enable_OutputCompareA_Interrupt
                0x0000000000000000        0x8 build/default/debug/timer_basic.o
 .text.Timer1_Disable_OutputCompareA_Interrupt
                0x0000000000000000        0x8 build/default/debug/timer_basic.o
 .text.Timer1_Enable_OutputCompareB_Interrupt
                0x0000000000000000        0x8 build/default/debug/timer_basic.o
 .text.Timer1_Disable_OutputCompareB_Interrupt
                0x0000000000000000        0x8 build/default/debug/timer_basic.o
 .text.Timer1_Enable_InputCapture_Interrupt
                0x0000000000000000        0x8 build/default/debug/timer_basic.o
 .text.Timer1_Disable_InputCapture_Interrupt
                0x0000000000000000        0x8 build/default/debug/timer_basic.o
 .text.Timer1_OverFlow_INT_Callback
                0x0000000000000000        0xa build/default/debug/timer_basic.o
 .text.Timer1_OutputCompareA_INT_Callback
                0x0000000000000000        0xa build/default/debug/timer_basic.o
 .text.Timer1_OutputCompareB_INT_Callback
                0x0000000000000000        0xa build/default/debug/timer_basic.o
 .text.Timer1_InputCapture_INT_Callback
                0x0000000000000000        0xa build/default/debug/timer_basic.o
 .text          0x0000000000000000        0x0 c:/program files/microchip/xc8/v2.30/avr/bin/../lib/gcc/avr/5.4.0/avr5/memx-const\libgcc.a(_divmodsi4.o)
 .data          0x0000000000000000        0x0 c:/program files/microchip/xc8/v2.30/avr/bin/../lib/gcc/avr/5.4.0/avr5/memx-const\libgcc.a(_divmodsi4.o)
 .bss           0x0000000000000000        0x0 c:/program files/microchip/xc8/v2.30/avr/bin/../lib/gcc/avr/5.4.0/avr5/memx-const\libgcc.a(_divmodsi4.o)
 .text.libgcc.mul
                0x0000000000000000        0x0 c:/program files/microchip/xc8/v2.30/avr/bin/../lib/gcc/avr/5.4.0/avr5/memx-const\libgcc.a(_divmodsi4.o)
 .text.libgcc   0x0000000000000000        0x0 c:/program files/microchip/xc8/v2.30/avr/bin/../lib/gcc/avr/5.4.0/avr5/memx-const\libgcc.a(_divmodsi4.o)
 .text.libgcc.prologue
                0x0000000000000000        0x0 c:/program files/microchip/xc8/v2.30/avr/bin/../lib/gcc/avr/5.4.0/avr5/memx-const\libgcc.a(_divmodsi4.o)
 .text.libgcc.builtins
                0x0000000000000000        0x0 c:/program files/microchip/xc8/v2.30/avr/bin/../lib/gcc/avr/5.4.0/avr5/memx-const\libgcc.a(_divmodsi4.o)
 .text.libgcc.fmul
                0x0000000000000000        0x0 c:/program files/microchip/xc8/v2.30/avr/bin/../lib/gcc/avr/5.4.0/avr5/memx-const\libgcc.a(_divmodsi4.o)
 .text.libgcc.fixed
                0x0000000000000000        0x0 c:/program files/microchip/xc8/v2.30/avr/bin/../lib/gcc/avr/5.4.0/avr5/memx-const\libgcc.a(_divmodsi4.o)
 .text          0x0000000000000000        0x0 c:/program files/microchip/xc8/v2.30/avr/bin/../lib/gcc/avr/5.4.0/avr5/memx-const\libgcc.a(_negsi2.o)
 .data          0x0000000000000000        0x0 c:/program files/microchip/xc8/v2.30/avr/bin/../lib/gcc/avr/5.4.0/avr5/memx-const\libgcc.a(_negsi2.o)
 .bss           0x0000000000000000        0x0 c:/program files/microchip/xc8/v2.30/avr/bin/../lib/gcc/avr/5.4.0/avr5/memx-const\libgcc.a(_negsi2.o)
 .text.libgcc.mul
                0x0000000000000000        0x0 c:/program files/microchip/xc8/v2.30/avr/bin/../lib/gcc/avr/5.4.0/avr5/memx-const\libgcc.a(_negsi2.o)
 .text.libgcc   0x0000000000000000        0x0 c:/program files/microchip/xc8/v2.30/avr/bin/../lib/gcc/avr/5.4.0/avr5/memx-const\libgcc.a(_negsi2.o)
 .text.libgcc.prologue
                0x0000000000000000        0x0 c:/program files/microchip/xc8/v2.30/avr/bin/../lib/gcc/avr/5.4.0/avr5/memx-const\libgcc.a(_negsi2.o)
 .text.libgcc.builtins
                0x0000000000000000        0x0 c:/program files/microchip/xc8/v2.30/avr/bin/../lib/gcc/avr/5.4.0/avr5/memx-const\libgcc.a(_negsi2.o)
 .text.libgcc.fmul
                0x0000000000000000        0x0 c:/program files/microchip/xc8/v2.30/avr/bin/../lib/gcc/avr/5.4.0/avr5/memx-const\libgcc.a(_negsi2.o)
 .text.libgcc.fixed
                0x0000000000000000        0x0 c:/program files/microchip/xc8/v2.30/avr/bin/../lib/gcc/avr/5.4.0/avr5/memx-const\libgcc.a(_negsi2.o)
 .text          0x0000000000000000        0x0 c:/program files/microchip/xc8/v2.30/avr/bin/../lib/gcc/avr/5.4.0/avr5/memx-const\libgcc.a(_exit.o)
 .data          0x0000000000000000        0x0 c:/program files/microchip/xc8/v2.30/avr/bin/../lib/gcc/avr/5.4.0/avr5/memx-const\libgcc.a(_exit.o)
 .bss           0x0000000000000000        0x0 c:/program files/microchip/xc8/v2.30/avr/bin/../lib/gcc/avr/5.4.0/avr5/memx-const\libgcc.a(_exit.o)
 .text.libgcc.mul
                0x0000000000000000        0x0 c:/program files/microchip/xc8/v2.30/avr/bin/../lib/gcc/avr/5.4.0/avr5/memx-const\libgcc.a(_exit.o)
 .text.libgcc.div
                0x0000000000000000        0x0 c:/program files/microchip/xc8/v2.30/avr/bin/../lib/gcc/avr/5.4.0/avr5/memx-const\libgcc.a(_exit.o)
 .text.libgcc   0x0000000000000000        0x0 c:/program files/microchip/xc8/v2.30/avr/bin/../lib/gcc/avr/5.4.0/avr5/memx-const\libgcc.a(_exit.o)
 .text.libgcc.prologue
                0x0000000000000000        0x0 c:/program files/microchip/xc8/v2.30/avr/bin/../lib/gcc/avr/5.4.0/avr5/memx-const\libgcc.a(_exit.o)
 .text.libgcc.builtins
                0x0000000000000000        0x0 c:/program files/microchip/xc8/v2.30/avr/bin/../lib/gcc/avr/5.4.0/avr5/memx-const\libgcc.a(_exit.o)
 .text.libgcc.fmul
                0x0000000000000000        0x0 c:/program files/microchip/xc8/v2.30/avr/bin/../lib/gcc/avr/5.4.0/avr5/memx-const\libgcc.a(_exit.o)
 .text.libgcc.fixed
                0x0000000000000000        0x0 c:/program files/microchip/xc8/v2.30/avr/bin/../lib/gcc/avr/5.4.0/avr5/memx-const\libgcc.a(_exit.o)
 .text          0x0000000000000000        0x0 c:/program files/microchip/xc8/v2.30/avr/bin/../lib/gcc/avr/5.4.0/avr5/memx-const\libgcc.a(_tablejump2.o)
 .data          0x0000000000000000        0x0 c:/program files/microchip/xc8/v2.30/avr/bin/../lib/gcc/avr/5.4.0/avr5/memx-const\libgcc.a(_tablejump2.o)
 .bss           0x0000000000000000        0x0 c:/program files/microchip/xc8/v2.30/avr/bin/../lib/gcc/avr/5.4.0/avr5/memx-const\libgcc.a(_tablejump2.o)
 .text.libgcc.mul
                0x0000000000000000        0x0 c:/program files/microchip/xc8/v2.30/avr/bin/../lib/gcc/avr/5.4.0/avr5/memx-const\libgcc.a(_tablejump2.o)
 .text.libgcc.div
                0x0000000000000000        0x0 c:/program files/microchip/xc8/v2.30/avr/bin/../lib/gcc/avr/5.4.0/avr5/memx-const\libgcc.a(_tablejump2.o)
 .text.libgcc   0x0000000000000000        0xc c:/program files/microchip/xc8/v2.30/avr/bin/../lib/gcc/avr/5.4.0/avr5/memx-const\libgcc.a(_tablejump2.o)
 .text.libgcc.prologue
                0x0000000000000000        0x0 c:/program files/microchip/xc8/v2.30/avr/bin/../lib/gcc/avr/5.4.0/avr5/memx-const\libgcc.a(_tablejump2.o)
 .text.libgcc.builtins
                0x0000000000000000        0x0 c:/program files/microchip/xc8/v2.30/avr/bin/../lib/gcc/avr/5.4.0/avr5/memx-const\libgcc.a(_tablejump2.o)
 .text.libgcc.fmul
                0x0000000000000000        0x0 c:/program files/microchip/xc8/v2.30/avr/bin/../lib/gcc/avr/5.4.0/avr5/memx-const\libgcc.a(_tablejump2.o)
 .text.libgcc.fixed
                0x0000000000000000        0x0 c:/program files/microchip/xc8/v2.30/avr/bin/../lib/gcc/avr/5.4.0/avr5/memx-const\libgcc.a(_tablejump2.o)
 .text          0x0000000000000000        0x0 c:/program files/microchip/xc8/v2.30/avr/bin/../lib/gcc/avr/5.4.0/avr5/memx-const\libgcc.a(_copy_data.o)
 .data          0x0000000000000000        0x0 c:/program files/microchip/xc8/v2.30/avr/bin/../lib/gcc/avr/5.4.0/avr5/memx-const\libgcc.a(_copy_data.o)
 .bss           0x0000000000000000        0x0 c:/program files/microchip/xc8/v2.30/avr/bin/../lib/gcc/avr/5.4.0/avr5/memx-const\libgcc.a(_copy_data.o)
 .text.libgcc.mul
                0x0000000000000000        0x0 c:/program files/microchip/xc8/v2.30/avr/bin/../lib/gcc/avr/5.4.0/avr5/memx-const\libgcc.a(_copy_data.o)
 .text.libgcc.div
                0x0000000000000000        0x0 c:/program files/microchip/xc8/v2.30/avr/bin/../lib/gcc/avr/5.4.0/avr5/memx-const\libgcc.a(_copy_data.o)
 .text.libgcc   0x0000000000000000        0x0 c:/program files/microchip/xc8/v2.30/avr/bin/../lib/gcc/avr/5.4.0/avr5/memx-const\libgcc.a(_copy_data.o)
 .text.libgcc.prologue
                0x0000000000000000        0x0 c:/program files/microchip/xc8/v2.30/avr/bin/../lib/gcc/avr/5.4.0/avr5/memx-const\libgcc.a(_copy_data.o)
 .text.libgcc.builtins
                0x0000000000000000        0x0 c:/program files/microchip/xc8/v2.30/avr/bin/../lib/gcc/avr/5.4.0/avr5/memx-const\libgcc.a(_copy_data.o)
 .text.libgcc.fmul
                0x0000000000000000        0x0 c:/program files/microchip/xc8/v2.30/avr/bin/../lib/gcc/avr/5.4.0/avr5/memx-const\libgcc.a(_copy_data.o)
 .text.libgcc.fixed
                0x0000000000000000        0x0 c:/program files/microchip/xc8/v2.30/avr/bin/../lib/gcc/avr/5.4.0/avr5/memx-const\libgcc.a(_copy_data.o)
 .text          0x0000000000000000        0x0 c:/program files/microchip/xc8/v2.30/avr/bin/../lib/gcc/avr/5.4.0/avr5/memx-const\libgcc.a(_udivmodsi4.o)
 .data          0x0000000000000000        0x0 c:/program files/microchip/xc8/v2.30/avr/bin/../lib/gcc/avr/5.4.0/avr5/memx-const\libgcc.a(_udivmodsi4.o)
 .bss           0x0000000000000000        0x0 c:/program files/microchip/xc8/v2.30/avr/bin/../lib/gcc/avr/5.4.0/avr5/memx-const\libgcc.a(_udivmodsi4.o)
 .text.libgcc.mul
                0x0000000000000000        0x0 c:/program files/microchip/xc8/v2.30/avr/bin/../lib/gcc/avr/5.4.0/avr5/memx-const\libgcc.a(_udivmodsi4.o)
 .text.libgcc   0x0000000000000000        0x0 c:/program files/microchip/xc8/v2.30/avr/bin/../lib/gcc/avr/5.4.0/avr5/memx-const\libgcc.a(_udivmodsi4.o)
 .text.libgcc.prologue
                0x0000000000000000        0x0 c:/program files/microchip/xc8/v2.30/avr/bin/../lib/gcc/avr/5.4.0/avr5/memx-const\libgcc.a(_udivmodsi4.o)
 .text.libgcc.builtins
                0x0000000000000000        0x0 c:/program files/microchip/xc8/v2.30/avr/bin/../lib/gcc/avr/5.4.0/avr5/memx-const\libgcc.a(_udivmodsi4.o)
 .text.libgcc.fmul
                0x0000000000000000        0x0 c:/program files/microchip/xc8/v2.30/avr/bin/../lib/gcc/avr/5.4.0/avr5/memx-const\libgcc.a(_udivmodsi4.o)
 .text.libgcc.fixed
                0x0000000000000000        0x0 c:/program files/microchip/xc8/v2.30/avr/bin/../lib/gcc/avr/5.4.0/avr5/memx-const\libgcc.a(_udivmodsi4.o)

Memory Configuration

Name             Origin             Length             Attributes
text             0x0000000000000000 0x0000000000008000 xr
data             0x0000000000800060 0x0000000000000800 rw !x
eeprom           0x0000000000810000 0x0000000000000400 rw !x
fuse             0x0000000000820000 0x0000000000000002 rw !x
lock             0x0000000000830000 0x0000000000000400 rw !x
signature        0x0000000000840000 0x0000000000000400 rw !x
user_signatures  0x0000000000850000 0x0000000000000400 rw !x
*default*        0x0000000000000000 0xffffffffffffffff

Linker script and memory map

LOAD C:/Program Files (x86)/Microchip/MPLABX/v5.40/packs/Microchip/ATmega_DFP/2.2.108/xc8/avr/lib/avr5/memx-const/crtatmega32.o
                0x0000000000000001                __MPLAB_BUILD = 0x1
LOAD build/default/debug/main.o
LOAD build/default/debug/ssd.o
LOAD build/default/debug/gpio.o
LOAD build/default/debug/timer_basic.o
START GROUP
LOAD c:/program files/microchip/xc8/v2.30/avr/bin/../lib/gcc/avr/5.4.0/../../../../avr/lib/avr5/memx-const\libm.a
END GROUP
                0x0000000000000001                __MPLAB_DEBUG = 0x1
                0x0000000000000001                __DEBUG = 0x1
                0x0000000000000001                __MPLAB_DEBUGGER_SIMULATOR = 0x1
START GROUP
LOAD c:/program files/microchip/xc8/v2.30/avr/bin/../lib/gcc/avr/5.4.0/avr5/memx-const\libgcc.a
LOAD c:/program files/microchip/xc8/v2.30/avr/bin/../lib/gcc/avr/5.4.0/../../../../avr/lib/avr5/memx-const\libm.a
LOAD c:/program files/microchip/xc8/v2.30/avr/bin/../lib/gcc/avr/5.4.0/../../../../avr/lib/avr5/memx-const\libc.a
LOAD C:/Program Files (x86)/Microchip/MPLABX/v5.40/packs/Microchip/ATmega_DFP/2.2.108/xc8/avr/lib/avr5/memx-const\libatmega32.a
END GROUP
                0x0000000000000000                __TEXT_REGION_ORIGIN__ = DEFINED (__TEXT_REGION_ORIGIN__)?__TEXT_REGION_ORIGIN__:0x0
                [0x0000000000800060]                __DATA_REGION_ORIGIN__ = DEFINED (__DATA_REGION_ORIGIN__)?__DATA_REGION_ORIGIN__:0x800060
                [0x0000000000008000]                __TEXT_REGION_LENGTH__ = DEFINED (__TEXT_REGION_LENGTH__)?__TEXT_REGION_LENGTH__:0x20000
                [0x0000000000000800]                __DATA_REGION_LENGTH__ = DEFINED (__DATA_REGION_LENGTH__)?__DATA_REGION_LENGTH__:0xffa0
                [0x0000000000000400]                __EEPROM_REGION_LENGTH__ = DEFINED (__EEPROM_REGION_LENGTH__)?__EEPROM_REGION_LENGTH__:0x10000
                [0x0000000000000002]                __FUSE_REGION_LENGTH__ = DEFINED (__FUSE_REGION_LENGTH__)?__FUSE_REGION_LENGTH__:0x400
                0x0000000000000400                __LOCK_REGION_LENGTH__ = DEFINED (__LOCK_REGION_LENGTH__)?__LOCK_REGION_LENGTH__:0x400
                0x0000000000000400                __SIGNATURE_REGION_LENGTH__ = DEFINED (__SIGNATURE_REGION_LENGTH__)?__SIGNATURE_REGION_LENGTH__:0x400
                0x0000000000000400                __USER_SIGNATURE_REGION_LENGTH__ = DEFINED (__USER_SIGNATURE_REGION_LENGTH__)?__USER_SIGNATURE_REGION_LENGTH__:0x400

.hash
 *(.hash)

.dynsym
 *(.dynsym)

.dynstr
 *(.dynstr)

.gnu.version
 *(.gnu.version)

.gnu.version_d
 *(.gnu.version_d)

.gnu.version_r
 *(.gnu.version_r)

.rel.init
 *(.rel.init)

.rela.init
 *(.rela.init)

.rel.text
 *(.rel.text)
 *(.rel.text.*)
 *(.rel.gnu.linkonce.t*)

.rela.text
 *(.rela.text)
 *(.rela.text.*)
 *(.rela.gnu.linkonce.t*)

.rel.fini
 *(.rel.fini)

.rela.fini
 *(.rela.fini)

.rel.rodata
 *(.rel.rodata)
 *(.rel.rodata.*)
 *(.rel.gnu.linkonce.r*)

.rela.rodata
 *(.rela.rodata)
 *(.rela.rodata.*)
 *(.rela.gnu.linkonce.r*)

.rel.data
 *(.rel.data)
 *(.rel.data.*)
 *(.rel.gnu.linkonce.d*)

.rela.data
 *(.rela.data)
 *(.rela.data.*)
 *(.rela.gnu.linkonce.d*)

.rel.ctors
 *(.rel.ctors)

.rela.ctors
 *(.rela.ctors)

.rel.dtors
 *(.rel.dtors)

.rela.dtors
 *(.rela.dtors)

.rel.got
 *(.rel.got)

.rela.got
 *(.rela.got)

.rel.bss
 *(.rel.bss)

.rela.bss
 *(.rela.bss)

.rel.plt
 *(.rel.plt)

.rela.plt
 *(.rela.plt)

.text           0x0000000000000000       0xb4
 *(.vectors)
 .vectors       0x0000000000000000       0x54 C:/Program Files (x86)/Microchip/MPLABX/v5.40/packs/Microchip/ATmega_DFP/2.2.108/xc8/avr/lib/avr5/memx-const/crtatmega32.o
                0x0000000000000000                __vector_default
                0x0000000000000000                __vectors
 *(.vectors)
 *(.progmem.gcc*)
 *(.dinit)
 .dinit         0x0000000000000054        0xc data_init
                0x0000000000000060                . = ALIGN (0x2)
                0x0000000000000060                __trampolines_start = .
 *(.trampolines)
 .trampolines   0x0000000000000060        0x0 linker stubs
 *(.trampolines*)
                0x0000000000000060                __trampolines_end = .
 *libprintf_flt.a:*(.progmem.data)
 *libc.a:*(.progmem.data)
                0x0000000000000060                . = ALIGN (0x2)
 *(.jumptables)
 *(.jumptables*)
 *(.lowtext)
 *(.lowtext*)
                0x0000000000000060                __ctors_start = .
 *(.ctors)
                0x0000000000000060                __ctors_end = .
                0x0000000000000060                __dtors_start = .
 *(.dtors)
                0x0000000000000060                __dtors_end = .
 SORT(*)(.ctors)
 SORT(*)(.dtors)
 *(.init0)
 .init0         0x0000000000000060        0x0 C:/Program Files (x86)/Microchip/MPLABX/v5.40/packs/Microchip/ATmega_DFP/2.2.108/xc8/avr/lib/avr5/memx-const/crtatmega32.o
                0x0000000000000060                __init
 *(.init0)
 *(.init1)
 *(.init1)
 *(.init2)
 .init2         0x0000000000000060        0xc C:/Program Files (x86)/Microchip/MPLABX/v5.40/packs/Microchip/ATmega_DFP/2.2.108/xc8/avr/lib/avr5/memx-const/crtatmega32.o
 *(.init2)
 *(.init3)
 *(.init3)
 *(.init4)
 .init4         0x000000000000006c       0x3c c:/program files/microchip/xc8/v2.30/avr/bin/../lib/gcc/avr/5.4.0/avr5/memx-const\libgcc.a(_copy_data.o)
                0x000000000000006c                __do_copy_data
                0x000000000000009a                __do_clear_bss
 *(.init4)
 *(.init5)
 *(.init5)
 *(.init6)
 *(.init6)
 *(.init7)
 *(.init7)
 *(.init8)
 *(.init8)
 *(.init9)
 .init9         0x00000000000000a8        0x8 C:/Program Files (x86)/Microchip/MPLABX/v5.40/packs/Microchip/ATmega_DFP/2.2.108/xc8/avr/lib/avr5/memx-const/crtatmega32.o
 *(.init9)
                0x00000000000000b0                . = ALIGN (0x2)
 *(.fini9)
 .fini9         0x00000000000000b0        0x0 c:/program files/microchip/xc8/v2.30/avr/bin/../lib/gcc/avr/5.4.0/avr5/memx-const\libgcc.a(_exit.o)
                0x00000000000000b0                _exit
                0x00000000000000b0                exit
 *(.fini9)
 *(.fini8)
 *(.fini8)
 *(.fini7)
 *(.fini7)
 *(.fini6)
 *(.fini6)
 *(.fini5)
 *(.fini5)
 *(.fini4)
 *(.fini4)
 *(.fini3)
 *(.fini3)
 *(.fini2)
 *(.fini2)
 *(.fini1)
 *(.fini1)
 *(.fini0)
 .fini0         0x00000000000000b0        0x4 c:/program files/microchip/xc8/v2.30/avr/bin/../lib/gcc/avr/5.4.0/avr5/memx-const\libgcc.a(_exit.o)
 *(.fini0)
                0x00000000000000b4                _etext = .

.data           0x0000000000800060        0x0 load address 0x00000000000000b4
                [!provide]                        PROVIDE (__data_start, .)
 *(.gnu.linkonce.d*)
 *(.gnu.linkonce.r*)
                0x0000000000800060                . = ALIGN (0x2)
                0x0000000000800060                _edata = .
                [!provide]                        PROVIDE (__data_end, .)

.bss            0x0000000000800060        0x0
                [!provide]                        PROVIDE (__bss_start, .)
 *(COMMON)
                [!provide]                        PROVIDE (__bss_end, .)
                0x00000000000000b4                __data_load_start = LOADADDR (.data)
                0x00000000000000b4                __data_load_end = (__data_load_start + SIZEOF (.data))

.noinit         0x0000000000800060        0x0
                [!provide]                        PROVIDE (__noinit_start, .)
 *(.noinit*)
                [!provide]                        PROVIDE (__noinit_end, .)
                0x0000000000800060                _end = .

.eeprom         0x0000000000810000        0x0
 *(.eeprom*)
                0x0000000000810000                __eeprom_end = .

.fuse
 *(.fuse)
 *(.lfuse)
 *(.hfuse)
 *(.efuse)

.lock
 *(.lock*)

.signature
 *(.signature*)

.user_signatures
 *(.user_signatures*)

.stab
 *(.stab)

.stabstr
 *(.stabstr)

.stab.excl
 *(.stab.excl)

.stab.exclstr
 *(.stab.exclstr)

.stab.index
 *(.stab.index)

.stab.indexstr
 *(.stab.indexstr)

.comment        0x0000000000000000       0x2f
 *(.comment)
 .comment       0x0000000000000000       0x2f build/default/debug/main.o
                                         0x30 (size before relaxing)
 .comment       0x000000000000002f       0x30 build/default/debug/ssd.o
 .comment       0x000000000000002f       0x30 build/default/debug/gpio.o
 .comment       0x000000000000002f       0x30 build/default/debug/timer_basic.o

.note.gnu.build-id
 *(.note.gnu.build-id)

.debug
 *(.debug)

.line
 *(.line)

.debug_srcinfo
 *(.debug_srcinfo)

.debug_sfnames
 *(.debug_sfnames)

.debug_aranges  0x0000000000000000      0x220
 *(.debug_aranges)
 .debug_aranges
                0x0000000000000000       0x20 build/default/debug/main.o
 .debug_aranges
                0x0000000000000020       0x58 build/default/debug/ssd.o
 .debug_aranges
                0x0000000000000078       0x50 build/default/debug/gpio.o
 .debug_aranges
                0x00000000000000c8      0x158 build/default/debug/timer_basic.o

.debug_pubnames
 *(.debug_pubnames)

.debug_info     0x0000000000000000     0x2497
 *(.debug_info .gnu.linkonce.wi.*)
 .debug_info    0x0000000000000000      0x4e6 C:/Program Files (x86)/Microchip/MPLABX/v5.40/packs/Microchip/ATmega_DFP/2.2.108/xc8/avr/lib/avr5/memx-const/crtatmega32.o
 .debug_info    0x00000000000004e6      0x2c5 build/default/debug/main.o
 .debug_info    0x00000000000007ab      0x8cd build/default/debug/ssd.o
 .debug_info    0x0000000000001078      0x4d0 build/default/debug/gpio.o
 .debug_info    0x0000000000001548      0xf4f build/default/debug/timer_basic.o

.debug_abbrev   0x0000000000000000      0x92b
 *(.debug_abbrev)
 .debug_abbrev  0x0000000000000000      0x4a3 C:/Program Files (x86)/Microchip/MPLABX/v5.40/packs/Microchip/ATmega_DFP/2.2.108/xc8/avr/lib/avr5/memx-const/crtatmega32.o
 .debug_abbrev  0x00000000000004a3       0x9b build/default/debug/main.o
 .debug_abbrev  0x000000000000053e      0x11b build/default/debug/ssd.o
 .debug_abbrev  0x0000000000000659      0x10d build/default/debug/gpio.o
 .debug_abbrev  0x0000000000000766      0x1c5 build/default/debug/timer_basic.o

.debug_line     0x0000000000000000      0xbb5
 *(.debug_line .debug_line.* .debug_line_end)
 .debug_line    0x0000000000000000      0x119 C:/Program Files (x86)/Microchip/MPLABX/v5.40/packs/Microchip/ATmega_DFP/2.2.108/xc8/avr/lib/avr5/memx-const/crtatmega32.o
 .debug_line    0x0000000000000119       0x6d build/default/debug/main.o
 .debug_line    0x0000000000000186      0x259 build/default/debug/ssd.o
 .debug_line    0x00000000000003df      0x157 build/default/debug/gpio.o
 .debug_line    0x0000000000000536      0x67f build/default/debug/timer_basic.o

.debug_frame    0x0000000000000000      0x5e4
 *(.debug_frame)
 .debug_frame   0x0000000000000000       0x24 build/default/debug/main.o
 .debug_frame   0x0000000000000024       0xe4 build/default/debug/ssd.o
 .debug_frame   0x0000000000000108       0x98 build/default/debug/gpio.o
 .debug_frame   0x00000000000001a0      0x444 build/default/debug/timer_basic.o

.debug_str      0x0000000000000000      0x27f
 *(.debug_str)
 .debug_str     0x0000000000000000      0x196 C:/Program Files (x86)/Microchip/MPLABX/v5.40/packs/Microchip/ATmega_DFP/2.2.108/xc8/avr/lib/avr5/memx-const/crtatmega32.o
 .debug_str     0x0000000000000196       0x1e build/default/debug/main.o
 .debug_str     0x00000000000001b4       0xa4 build/default/debug/ssd.o
 .debug_str     0x0000000000000258       0x10 build/default/debug/gpio.o
 .debug_str     0x0000000000000268       0x17 build/default/debug/timer_basic.o

.debug_loc      0x0000000000000000      0x7f5
 *(.debug_loc)
 .debug_loc     0x0000000000000000       0x24 build/default/debug/main.o
 .debug_loc     0x0000000000000024      0x269 build/default/debug/ssd.o
 .debug_loc     0x000000000000028d      0x15d build/default/debug/gpio.o
 .debug_loc     0x00000000000003ea      0x40b build/default/debug/timer_basic.o

.debug_macinfo
 *(.debug_macinfo)

.debug_weaknames
 *(.debug_weaknames)

.debug_funcnames
 *(.debug_funcnames)

.debug_typenames
 *(.debug_typenames)

.debug_varnames
 *(.debug_varnames)

.debug_pubtypes
 *(.debug_pubtypes)

.debug_ranges   0x0000000000000000      0x1e0
 *(.debug_ranges)
 .debug_ranges  0x0000000000000000       0x10 build/default/debug/main.o
 .debug_ranges  0x0000000000000010       0x48 build/default/debug/ssd.o
 .debug_ranges  0x0000000000000058       0x40 build/default/debug/gpio.o
 .debug_ranges  0x0000000000000098      0x148 build/default/debug/timer_basic.o

.debug_macro
 *(.debug_macro)
OUTPUT(dist/default/debug/Seven_Segmant_Disp.X.debug.elf elf32-avr)
LOAD linker stubs
LOAD data_init

.note.gnu.avr.deviceinfo
                0x0000000000000000       0x3c
 .note.gnu.avr.deviceinfo
                0x0000000000000000       0x3c C:/Program Files (x86)/Microchip/MPLABX/v5.40/packs/Microchip/ATmega_DFP/2.2.108/xc8/avr/lib/avr5/memx-const/crtatmega32.o

.bss.idx.1768   0x000000000080007e        0x1
 .bss.idx.1768  0x000000000080007e        0x1 build/default/debug/ssd.o

.bss.SSD_DOT_STATES
                0x000000000080007f        0x1
 .bss.SSD_DOT_STATES
                0x000000000080007f        0x1 build/default/debug/ssd.o

.bss.buffer     0x000000000080006a        0x8
 .bss.buffer    0x000000000080006a        0x8 build/default/debug/ssd.o

.bss.IC1_CallbackPtr
                0x0000000000800072        0x2
 .bss.IC1_CallbackPtr
                0x0000000000800072        0x2 build/default/debug/timer_basic.o
                0x0000000000800072                IC1_CallbackPtr

.bss.OCB1_CallbackPtr
                0x0000000000800074        0x2
 .bss.OCB1_CallbackPtr
                0x0000000000800074        0x2 build/default/debug/timer_basic.o
                0x0000000000800074                OCB1_CallbackPtr

.bss.OCA1_CallbackPtr
                0x0000000000800076        0x2
 .bss.OCA1_CallbackPtr
                0x0000000000800076        0x2 build/default/debug/timer_basic.o
                0x0000000000800076                OCA1_CallbackPtr

.bss.TOVF1_CallbackPtr
                0x0000000000800078        0x2
 .bss.TOVF1_CallbackPtr
                0x0000000000800078        0x2 build/default/debug/timer_basic.o
                0x0000000000800078                TOVF1_CallbackPtr

.bss.OC0_CallbackPtr
                0x000000000080007a        0x2
 .bss.OC0_CallbackPtr
                0x000000000080007a        0x2 build/default/debug/timer_basic.o
                0x000000000080007a                OC0_CallbackPtr

.bss.TOVF0_CallbackPtr
                0x000000000080007c        0x2
 .bss.TOVF0_CallbackPtr
                0x000000000080007c        0x2 build/default/debug/timer_basic.o
                0x000000000080007c                TOVF0_CallbackPtr

.text.SSD_SetInt
                0x00000000000000b4       0xfe
 .text.SSD_SetInt
                0x00000000000000b4       0xfe build/default/debug/ssd.o
                0x00000000000000b4                SSD_SetInt

.text.SSD_Update
                0x00000000000001b2       0xae
 .text.SSD_Update
                0x00000000000001b2       0xae build/default/debug/ssd.o
                0x00000000000001b2                SSD_Update

.text.GPIO_Init
                0x0000000000000260       0x82
 .text.GPIO_Init
                0x0000000000000260       0x82 build/default/debug/gpio.o
                0x0000000000000260                GPIO_Init

.text.SSD_Init  0x00000000000002e2       0x58
 .text.SSD_Init
                0x00000000000002e2       0x58 build/default/debug/ssd.o
                0x00000000000002e2                SSD_Init

.text.__vector_11
                0x000000000000033a       0x52
 .text.__vector_11
                0x000000000000033a       0x52 build/default/debug/timer_basic.o
                0x000000000000033a                __vector_11

.text.__vector_10
                0x000000000000038c       0x52
 .text.__vector_10
                0x000000000000038c       0x52 build/default/debug/timer_basic.o
                0x000000000000038c                __vector_10

.text.__vector_9
                0x00000000000003de       0x52
 .text.__vector_9
                0x00000000000003de       0x52 build/default/debug/timer_basic.o
                0x00000000000003de                __vector_9

.text.__vector_7
                0x0000000000000430       0x52
 .text.__vector_7
                0x0000000000000430       0x52 build/default/debug/timer_basic.o
                0x0000000000000430                __vector_7

.text.__vector_8
                0x0000000000000482       0x52
 .text.__vector_8
                0x0000000000000482       0x52 build/default/debug/timer_basic.o
                0x0000000000000482                __vector_8

.text.__vector_6
                0x00000000000004d4       0x52
 .text.__vector_6
                0x00000000000004d4       0x52 build/default/debug/timer_basic.o
                0x00000000000004d4                __vector_6

.text.libgcc.div
                0x0000000000000526       0x44
 .text.libgcc.div
                0x0000000000000526       0x44 c:/program files/microchip/xc8/v2.30/avr/bin/../lib/gcc/avr/5.4.0/avr5/memx-const\libgcc.a(_udivmodsi4.o)
                0x0000000000000526                __udivmodsi4

.text.Timer0_init
                0x000000000000056a       0x2e
 .text.Timer0_init
                0x000000000000056a       0x2e build/default/debug/timer_basic.o
                0x000000000000056a                Timer0_init

.text.libgcc.div
                0x0000000000000598       0x2e
 .text.libgcc.div
                0x0000000000000598       0x2e c:/program files/microchip/xc8/v2.30/avr/bin/../lib/gcc/avr/5.4.0/avr5/memx-const\libgcc.a(_divmodsi4.o)
                0x0000000000000598                __divmodsi4

.text.SSD_Digits_TurnOFF
                0x00000000000005c6       0x2a
 .text.SSD_Digits_TurnOFF
                0x00000000000005c6       0x2a build/default/debug/ssd.o
                0x00000000000005c6                SSD_Digits_TurnOFF

.text.main      0x00000000000005f0       0x24
 .text.main     0x00000000000005f0       0x24 build/default/debug/main.o
                0x00000000000005f0                main

.text.SSD_DotOn
                0x0000000000000614       0x20
 .text.SSD_DotOn
                0x0000000000000614       0x20 build/default/debug/ssd.o
                0x0000000000000614                SSD_DotOn

.text.libgcc.div
                0x0000000000000634       0x10
 .text.libgcc.div
                0x0000000000000634       0x10 c:/program files/microchip/xc8/v2.30/avr/bin/../lib/gcc/avr/5.4.0/avr5/memx-const\libgcc.a(_negsi2.o)
                0x0000000000000634                __negsi2

.text.GPIO_Reset_Pins
                0x0000000000000644        0xc
 .text.GPIO_Reset_Pins
                0x0000000000000644        0xc build/default/debug/gpio.o
                0x0000000000000644                GPIO_Reset_Pins

.text.GPIO_Set_Pins
                0x0000000000000650        0xa
 .text.GPIO_Set_Pins
                0x0000000000000650        0xa build/default/debug/gpio.o
                0x0000000000000650                GPIO_Set_Pins

.text.Timer0_OverFlow_INT_Callback
                0x000000000000065a        0xa
 .text.Timer0_OverFlow_INT_Callback
                0x000000000000065a        0xa build/default/debug/timer_basic.o
                0x000000000000065a                Timer0_OverFlow_INT_Callback

.text.Timer0_Enable_Overflow_Interrupt
                0x0000000000000664        0x8
 .text.Timer0_Enable_Overflow_Interrupt
                0x0000000000000664        0x8 build/default/debug/timer_basic.o
                0x0000000000000664                Timer0_Enable_Overflow_Interrupt

.text.GPIO_Set_Port
                0x000000000000066c        0x6
 .text.GPIO_Set_Port
                0x000000000000066c        0x6 build/default/debug/gpio.o
                0x000000000000066c                GPIO_Set_Port

.text           0x0000000000000672        0x4
 .text          0x0000000000000672        0x4 C:/Program Files (x86)/Microchip/MPLABX/v5.40/packs/Microchip/ATmega_DFP/2.2.108/xc8/avr/lib/avr5/memx-const/crtatmega32.o
                0x0000000000000672                __vector_1
                0x0000000000000672                __vector_12
                0x0000000000000672                __bad_interrupt
                0x0000000000000672                __vector_3
                0x0000000000000672                __vector_13
                0x0000000000000672                __vector_17
                0x0000000000000672                __vector_19
                0x0000000000000672                __vector_5
                0x0000000000000672                __vector_4
                0x0000000000000672                __vector_2
                0x0000000000000672                __vector_15
                0x0000000000000672                __vector_14
                0x0000000000000672                __vector_16
                0x0000000000000672                __vector_18
                0x0000000000000672                __vector_20

.text.Timer0_Set_Preload_Value
                0x0000000000000676        0x4
 .text.Timer0_Set_Preload_Value
                0x0000000000000676        0x4 build/default/debug/timer_basic.o
                0x0000000000000676                Timer0_Set_Preload_Value

.data.digit     0x0000000000800060        0xa load address 0x000000000000067a
 .data.digit    0x0000000000800060        0xa build/default/debug/ssd.o
